DELL_DISER@DESKTOP-FPQ0C7S MINGW64 ~/Documents/Pag2025
$ git init
Initialized empty Git repository in C:/Users/DELL_DISER/Documents/Pag2025/.git/

DELL_DISER@DESKTOP-FPQ0C7S MINGW64 ~/Documents/Pag2025 (master)
$ git remote add origin https://github.com/Humbertoperez1997/Pagina2025.git

DELL_DISER@DESKTOP-FPQ0C7S MINGW64 ~/Documents/Pag2025 (master)
$ git status
On branch master

No commits yet

nothing to commit (create/copy files and use "git add" to track)

DELL_DISER@DESKTOP-FPQ0C7S MINGW64 ~/Documents/Pag2025 (master)
$ git status
On branch master

No commits yet

Untracked files:
  (use "git add <file>..." to include in what will be committed)
        exc.txt

nothing added to commit but untracked files present (use "git add" to track)

DELL_DISER@DESKTOP-FPQ0C7S MINGW64 ~/Documents/Pag2025 (master)
$ git status
On branch master

No commits yet

Untracked files:
  (use "git add <file>..." to include in what will be committed)
        exc.txt

nothing added to commit but untracked files present (use "git add" to track)

DELL_DISER@DESKTOP-FPQ0C7S MINGW64 ~/Documents/Pag2025 (master)
$ git status
On branch master

No commits yet

Untracked files:
  (use "git add <file>..." to include in what will be committed)
        exc.txt

nothing added to commit but untracked files present (use "git add" to track)

DELL_DISER@DESKTOP-FPQ0C7S MINGW64 ~/Documents/Pag2025 (master)
$ git add.
git: 'add.' is not a git command. See 'git --help'.

The most similar command is
        add

DELL_DISER@DESKTOP-FPQ0C7S MINGW64 ~/Documents/Pag2025 (master)
$ git status
On branch master

No commits yet

Untracked files:
  (use "git add <file>..." to include in what will be committed)
        exc.txt

nothing added to commit but untracked files present (use "git add" to track)

DELL_DISER@DESKTOP-FPQ0C7S MINGW64 ~/Documents/Pag2025 (master)
$ git add .

DELL_DISER@DESKTOP-FPQ0C7S MINGW64 ~/Documents/Pag2025 (master)
$ git status
On branch master

No commits yet

Changes to be committed:
  (use "git rm --cached <file>..." to unstage)
        new file:   exc.txt


DELL_DISER@DESKTOP-FPQ0C7S MINGW64 ~/Documents/Pag2025 (master)
$ git commit -m "nuevo repositorio"
Author identity unknown

*** Please tell me who you are.

Run

  git config --global user.email "you@example.com"
  git config --global user.name "Your Name"

to set your account's default identity.
Omit --global to set the identity only in this repository.

fatal: unable to auto-detect email address (got 'DELL_DISER@DESKTOP-FPQ0C7S.(none)')

DELL_DISER@DESKTOP-FPQ0C7S MINGW64 ~/Documents/Pag2025 (master)
$ git commit -m "Pag2025"
Author identity unknown

*** Please tell me who you are.

Run

  git config --global user.email "you@example.com"
  git config --global user.name "Your Name"

to set your account's default identity.
Omit --global to set the identity only in this repository.

fatal: unable to auto-detect email address (got 'DELL_DISER@DESKTOP-FPQ0C7S.(none)')

DELL_DISER@DESKTOP-FPQ0C7S MINGW64 ~/Documents/Pag2025 (master)
$ git commit -m "pag2025"
Author identity unknown

*** Please tell me who you are.

Run

  git config --global user.email "you@example.com"
  git config --global user.name "Your Name"

to set your account's default identity.
Omit --global to set the identity only in this repository.

fatal: unable to auto-detect email address (got 'DELL_DISER@DESKTOP-FPQ0C7S.(none)')

DELL_DISER@DESKTOP-FPQ0C7S MINGW64 ~/Documents/Pag2025 (master)
$ git commit -m "first commit"
Author identity unknown

*** Please tell me who you are.

Run

  git config --global user.email "you@example.com"
  git config --global user.name "Your Name"

to set your account's default identity.
Omit --global to set the identity only in this repository.

fatal: unable to auto-detect email address (got 'DELL_DISER@DESKTOP-FPQ0C7S.(none)')

DELL_DISER@DESKTOP-FPQ0C7S MINGW64 ~/Documents/Pag2025 (master)
$ git commit -m "Pag2025"
Author identity unknown

*** Please tell me who you are.

Run

  git config --global user.email "you@example.com"
  git config --global user.name "Your Name"

to set your account's default identity.
Omit --global to set the identity only in this repository.

fatal: unable to auto-detect email address (got 'DELL_DISER@DESKTOP-FPQ0C7S.(none)')

DELL_DISER@DESKTOP-FPQ0C7S MINGW64 ~/Documents/Pag2025 (master)
$ git commit -m "pag2025"
Author identity unknown

*** Please tell me who you are.

Run

  git config --global user.email "you@example.com"
  git config --global user.name "Your Name"

to set your account's default identity.
Omit --global to set the identity only in this repository.

fatal: unable to auto-detect email address (got 'DELL_DISER@DESKTOP-FPQ0C7S.(none)')

DELL_DISER@DESKTOP-FPQ0C7S MINGW64 ~/Documents/Pag2025 (master)
$ ^C

DELL_DISER@DESKTOP-FPQ0C7S MINGW64 ~/Documents/Pag2025 (master)
$ git config --global user.email "hperez618@gmail.com"

DELL_DISER@DESKTOP-FPQ0C7S MINGW64 ~/Documents/Pag2025 (master)
$ git config --global user.name "Humbertoperez1997"

DELL_DISER@DESKTOP-FPQ0C7S MINGW64 ~/Documents/Pag2025 (master)
$ git commit -m "pag2025"
[master (root-commit) 33614bb] pag2025
 1 file changed, 0 insertions(+), 0 deletions(-)
 create mode 100644 exc.txt

DELL_DISER@DESKTOP-FPQ0C7S MINGW64 ~/Documents/Pag2025 (master)
$ git push -u origin master
info: please complete authentication in your browser...
Enumerating objects: 3, done.
Counting objects: 100% (3/3), done.
Writing objects: 100% (3/3), 212 bytes | 212.00 KiB/s, done.
Total 3 (delta 0), reused 0 (delta 0), pack-reused 0 (from 0)
To https://github.com/Humbertoperez1997/Pagina2025.git
 * [new branch]      master -> master
branch 'master' set up to track 'origin/master'.

DELL_DISER@DESKTOP-FPQ0C7S MINGW64 ~/Documents/Pag2025 (master)
$ git add .

DELL_DISER@DESKTOP-FPQ0C7S MINGW64 ~/Documents/Pag2025 (master)
$ git sttaus
git: 'sttaus' is not a git command. See 'git --help'.

The most similar command is
        status

DELL_DISER@DESKTOP-FPQ0C7S MINGW64 ~/Documents/Pag2025 (master)
$ git staus
git: 'staus' is not a git command. See 'git --help'.

The most similar command is
        status

DELL_DISER@DESKTOP-FPQ0C7S MINGW64 ~/Documents/Pag2025 (master)
$ git status
On branch master
Your branch is up to date with 'origin/master'.

Changes to be committed:
  (use "git restore --staged <file>..." to unstage)
        new file:   second.txt


DELL_DISER@DESKTOP-FPQ0C7S MINGW64 ~/Documents/Pag2025 (master)
$ git commit -m "pag2025"
[master 34f76ce] pag2025
 1 file changed, 0 insertions(+), 0 deletions(-)
 create mode 100644 second.txt

DELL_DISER@DESKTOP-FPQ0C7S MINGW64 ~/Documents/Pag2025 (master)
$ git push -u origin master
Enumerating objects: 3, done.
Counting objects: 100% (3/3), done.
Delta compression using up to 4 threads
Compressing objects: 100% (2/2), done.
Writing objects: 100% (2/2), 243 bytes | 121.00 KiB/s, done.
Total 2 (delta 0), reused 0 (delta 0), pack-reused 0 (from 0)
To https://github.com/Humbertoperez1997/Pagina2025.git
   33614bb..34f76ce  master -> master
branch 'master' set up to track 'origin/master'.

DELL_DISER@DESKTOP-FPQ0C7S MINGW64 ~/Documents/Pag2025 (master)
$ git add .

DELL_DISER@DESKTOP-FPQ0C7S MINGW64 ~/Documents/Pag2025 (master)
$ git commit -m "pag2025"
[master 419fb9d] pag2025
 1 file changed, 1 insertion(+)

DELL_DISER@DESKTOP-FPQ0C7S MINGW64 ~/Documents/Pag2025 (master)
$ git push -u origin master
Enumerating objects: 5, done.
Counting objects: 100% (5/5), done.
Delta compression using up to 4 threads
Compressing objects: 100% (2/2), done.
Writing objects: 100% (3/3), 282 bytes | 282.00 KiB/s, done.
Total 3 (delta 0), reused 0 (delta 0), pack-reused 0 (from 0)
To https://github.com/Humbertoperez1997/Pagina2025.git
   34f76ce..419fb9d  master -> master
branch 'master' set up to track 'origin/master'.

DELL_DISER@DESKTOP-FPQ0C7S MINGW64 ~/Documents/Pag2025 (master)
$ git status
On branch master
Your branch is up to date with 'origin/master'.

nothing to commit, working tree clean

DELL_DISER@DESKTOP-FPQ0C7S MINGW64 ~/Documents/Pag2025 (master)
$ git commit -m "pag2025"
On branch master
Your branch is up to date with 'origin/master'.

Changes not staged for commit:
  (use "git add <file>..." to update what will be committed)
  (use "git restore <file>..." to discard changes in working directory)
        modified:   second.txt

no changes added to commit (use "git add" and/or "git commit -a")

DELL_DISER@DESKTOP-FPQ0C7S MINGW64 ~/Documents/Pag2025 (master)
$ git add .

DELL_DISER@DESKTOP-FPQ0C7S MINGW64 ~/Documents/Pag2025 (master)
$ git commit -m "pag2025"
[master ce5069b] pag2025
 1 file changed, 1 insertion(+)

DELL_DISER@DESKTOP-FPQ0C7S MINGW64 ~/Documents/Pag2025 (master)
$ git push -u origin master
Enumerating objects: 5, done.
Counting objects: 100% (5/5), done.
Delta compression using up to 4 threads
Compressing objects: 100% (2/2), done.
Writing objects: 100% (3/3), 283 bytes | 283.00 KiB/s, done.
Total 3 (delta 0), reused 0 (delta 0), pack-reused 0 (from 0)
To https://github.com/Humbertoperez1997/Pagina2025.git
   419fb9d..ce5069b  master -> master
branch 'master' set up to track 'origin/master'.

DELL_DISER@DESKTOP-FPQ0C7S MINGW64 ~/Documents/Pag2025 (master)
$



Excel
sss